
> ipl-dashboard@0.0.0 build
> vite build

[36mvite v8.0.10 [32mbuilding client environment for production...[36m[39m
[2K
transforming...✓ 2704 modules transformed.
rendering chunks...
computing gzip size...
dist/index.html                   0.46 kB │ gzip:   0.29 kB
dist/assets/index-nuCUlefz.css   44.66 kB │ gzip:   7.62 kB
dist/assets/index-DQmfzfn3.js   778.38 kB │ gzip: 235.34 kB

[32m✓ built in 19.22s[39m
node.exe : [33m[plugin builtin:vite-reporter] 
At C:\Program Files\nodejs\npm.ps1:29 char:3
+   & $NODE_EXE $NPM_CLI_JS $args
+   ~~~~~~~~~~~~~~~~~~~~~~~~~~~~~
    + CategoryInfo          : NotSpecified: ([33m[plugin builtin:vite-re 
   porter] :String) [], RemoteException
    + FullyQualifiedErrorId : NativeCommandError
 
(!) Some chunks are larger than 500 kB after minification. Consider:
- Using dynamic import() to code-split the application
- Use build.rolldownOptions.output.codeSplitting to improve chunking: 
https://rolldown.rs/reference/OutputOptions.codeSplitting
- Adjust chunk size limit for this warning via 
build.chunkSizeWarningLimit.[39m
